
> archestra-temp@0.1.0 build
> next build

Γû▓ Next.js 16.1.6 (Turbopack)
- Environments: .env

  Creating an optimized production build ...
Γ£ô Compiled successfully in 2.2s
  Running TypeScript ...
  Collecting page data using 19 workers ...
  Generating static pages using 19 workers (0/8) ...
  Generating static pages using 19 workers (2/8) 
  Generating static pages using 19 workers (4/8) 
  Generating static pages using 19 workers (6/8) 
Γ£ô Generating static pages using 19 workers (8/8) in 564.1ms
  Finalizing page optimization ...

Route (app)
Γöî Γùï /
Γö£ Γùï /_not-found
Γö£ ╞Æ /api/chat
Γö£ Γùï /finance
Γö£ Γùï /health
Γöö Γùï /schedule


Γùï  (Static)   prerendered as static content
╞Æ  (Dynamic)  server-rendered on demand

